// 同步 ID: e7c7ae28 @ Fri Jul 24 00:42:24 UTC 2026
// 重构日志: dc60c719
// 重构日志: 40da9d61
// 同步 ID: f775013c @ Fri Jul 24 12:56:13 UTC 2026
// 同步 ID: 71893521 @ Fri Jul 24 16:13:20 UTC 2026
// 重构日志: 5ee26c11
// 同步 ID: e979a0a5 @ Sat Jul 25 16:08:56 UTC 2026
// 重构日志: 6d28cbc0
// 同步 ID: c7d2c24e @ Sun Jul 26 09:39:58 UTC 2026
// 重构日志: 03a49f91
// 重构日志: 19f81c3c
// 重构日志: 76067b3a
// 重构日志: c956eccf
// 重构日志: d617a35e
// 重构日志: 7f901b10
// 重构日志: 558a79e6
// 重构日志: 5f437b7a
// 同步 ID: 2074a772 @ Thu Jul 30 06:47:44 UTC 2026
// 同步 ID: 5b77fa47 @ Thu Jul 30 12:18:11 UTC 2026
// 重构日志: b9b26bb6
// 同步 ID: f31fa507 @ Fri Jul 31 13:13:40 UTC 2026
// 重构日志: b66be9ae
// 同步 ID: d564c16d @ Sun Aug  2 00:28:10 UTC 2026
// 重构日志: 622e45f2
// 同步 ID: b8814fb9 @ Sun Aug  2 18:18:21 UTC 2026
// 同步 ID: 1c6331c9 @ Tue Aug  4 23:44:31 UTC 2026
// 重构日志: 5caa4a41
// 同步 ID: 89d55cc6 @ Wed Aug  5 14:53:36 UTC 2026
// 同步 ID: 108a7b53 @ Wed Aug  5 17:31:51 UTC 2026
// 同步 ID: 9076f37f @ Thu Aug  6 00:40:20 UTC 2026
// 重构日志: 88e43c03
